% otf-ko-noEmbed.map
otf-ckgb-h HYGoThic-Medium-Identity-H
otf-ckgb-v HYGoThic-Medium-Identity-V
otf-ckge-h HYGoThic-Medium-Identity-H
otf-ckge-v HYGoThic-Medium-Identity-V
otf-ckgr-h HYGoThic-Medium-Identity-H
otf-ckgr-v HYGoThic-Medium-Identity-V
otf-ckmb-h HYSMyeongJo-Medium-Identity-H
otf-ckmb-v HYSMyeongJo-Medium-Identity-V
otf-ckmgr-h HYRGoThic-Medium-Identity-H
otf-ckmgr-v HYRGoThic-Medium-Identity-V
otf-ckml-h HYSMyeongJo-Medium-Identity-H
otf-ckml-v HYSMyeongJo-Medium-Identity-V
otf-ckmr-h HYSMyeongJo-Medium-Identity-H
otf-ckmr-v HYSMyeongJo-Medium-Identity-V
otf-ukgb-h HYGoThic-Medium-UniKS-UCS2-H
otf-ukgb-v HYGoThic-Medium-UniKS-UCS2-V
otf-ukge-h HYGoThic-Medium-UniKS-UCS2-H
otf-ukge-v HYGoThic-Medium-UniKS-UCS2-V
otf-ukgr-h HYGoThic-Medium-UniKS-UCS2-H
otf-ukgr-v HYGoThic-Medium-UniKS-UCS2-V
otf-ukmb-h HYSMyeongJo-Medium-UniKS-UCS2-H
otf-ukmb-v HYSMyeongJo-Medium-UniKS-UCS2-V
otf-ukmgr-h HYRGoThic-Medium-UniKS-UCS2-H
otf-ukmgr-v HYRGoThic-Medium-UniKS-UCS2-V
otf-ukml-h HYSMyeongJo-Medium-UniKS-UCS2-H
otf-ukml-v HYSMyeongJo-Medium-UniKS-UCS2-V
otf-ukmr-h HYSMyeongJo-Medium-UniKS-UCS2-H
otf-ukmr-v HYSMyeongJo-Medium-UniKS-UCS2-V
% otf-noEmbed.map
hgothb-h GothicBBB-Medium-H
hgothb-v GothicBBB-Medium-V
hgothbn-h GothicBBB-Medium-H
hgothbn-v GothicBBB-Medium-V
hgotheb-h GothicBBB-Medium-H
hgotheb-v GothicBBB-Medium-V
hgothebn-h GothicBBB-Medium-H
hgothebn-v GothicBBB-Medium-V
hgothr-h GothicBBB-Medium-H
hgothr-v GothicBBB-Medium-V
hgothrn-h GothicBBB-Medium-H
hgothrn-v GothicBBB-Medium-V
hmgothr-h GothicBBB-Medium-H
hmgothr-v GothicBBB-Medium-V
hmgothrn-h GothicBBB-Medium-H
hmgothrn-v GothicBBB-Medium-V
hminb-h Ryumin-Light-H
hminb-v Ryumin-Light-V
hminbn-h Ryumin-Light-H
hminbn-v Ryumin-Light-V
hminl-h Ryumin-Light-H
hminl-v Ryumin-Light-V
hminln-h Ryumin-Light-H
hminln-v Ryumin-Light-V
hminr-h Ryumin-Light-H
hminr-v Ryumin-Light-V
hminrn-h Ryumin-Light-H
hminrn-v Ryumin-Light-V
otf-cjgb-h GothicBBB-Medium-Identity-H
otf-cjgb-v GothicBBB-Medium-Identity-V
otf-cjge-h GothicBBB-Medium-Identity-H
otf-cjge-v GothicBBB-Medium-Identity-V
otf-cjgr-h GothicBBB-Medium-Identity-H
otf-cjgr-v GothicBBB-Medium-Identity-V
otf-cjmb-h Ryumin-Light-Identity-H
otf-cjmb-v Ryumin-Light-Identity-V
otf-cjmgr-h GothicBBB-Medium-Identity-H
otf-cjmgr-v GothicBBB-Medium-Identity-V
otf-cjml-h Ryumin-Light-Identity-H
otf-cjml-v Ryumin-Light-Identity-V
otf-cjmr-h Ryumin-Light-Identity-H
otf-cjmr-v Ryumin-Light-Identity-V
otf-ujgb-h GothicBBB-Medium-UniJIS-UTF16-H
otf-ujgb-v GothicBBB-Medium-UniJIS-UTF16-V
otf-ujgbn-h GothicBBB-Medium-UniJIS2004-UTF16-H
otf-ujgbn-v GothicBBB-Medium-UniJIS2004-UTF16-V
otf-ujge-h GothicBBB-Medium-UniJIS-UTF16-H
otf-ujge-v GothicBBB-Medium-UniJIS-UTF16-V
otf-ujgen-h GothicBBB-Medium-UniJIS2004-UTF16-H
otf-ujgen-v GothicBBB-Medium-UniJIS2004-UTF16-V
otf-ujgr-h GothicBBB-Medium-UniJIS-UTF16-H
otf-ujgr-v GothicBBB-Medium-UniJIS-UTF16-V
otf-ujgrn-h GothicBBB-Medium-UniJIS2004-UTF16-H
otf-ujgrn-v GothicBBB-Medium-UniJIS2004-UTF16-V
otf-ujmb-h Ryumin-Light-UniJIS-UTF16-H
otf-ujmb-v Ryumin-Light-UniJIS-UTF16-V
otf-ujmbn-h Ryumin-Light-UniJIS2004-UTF16-H
otf-ujmbn-v Ryumin-Light-UniJIS2004-UTF16-V
otf-ujmgr-h GothicBBB-Medium-UniJIS-UTF16-H
otf-ujmgr-v GothicBBB-Medium-UniJIS-UTF16-V
otf-ujmgrn-h GothicBBB-Medium-UniJIS2004-UTF16-H
otf-ujmgrn-v GothicBBB-Medium-UniJIS2004-UTF16-V
otf-ujml-h Ryumin-Light-UniJIS-UTF16-H
otf-ujml-v Ryumin-Light-UniJIS-UTF16-V
otf-ujmln-h Ryumin-Light-UniJIS2004-UTF16-H
otf-ujmln-v Ryumin-Light-UniJIS2004-UTF16-V
otf-ujmr-h Ryumin-Light-UniJIS-UTF16-H
otf-ujmr-v Ryumin-Light-UniJIS-UTF16-V
otf-ujmrn-h Ryumin-Light-UniJIS2004-UTF16-H
otf-ujmrn-v Ryumin-Light-UniJIS2004-UTF16-V
% otf-sc-noEmbed.map
otf-ccgb-h STHeiti-Regular-Identity-H
otf-ccgb-v STHeiti-Regular-Identity-V
otf-ccge-h STHeiti-Regular-Identity-H
otf-ccge-v STHeiti-Regular-Identity-V
otf-ccgr-h STHeiti-Light-Identity-H
otf-ccgr-v STHeiti-Light-Identity-V
otf-ccmb-h STSong-Regular-Identity-H
otf-ccmb-v STSong-Regular-Identity-V
otf-ccmgr-h STKaiti-Regular-Identity-H
otf-ccmgr-v STKaiti-Regular-Identity-V
otf-ccml-h STSong-Light-Identity-H
otf-ccml-v STSong-Light-Identity-V
otf-ccmr-h STSong-Light-Identity-H
otf-ccmr-v STSong-Light-Identity-V
otf-ucgb-h STHeiti-Regular-UniGB-UCS2-H
otf-ucgb-v STHeiti-Regular-UniGB-UCS2-V
otf-ucge-h STHeiti-Regular-UniGB-UCS2-H
otf-ucge-v STHeiti-Regular-UniGB-UCS2-V
otf-ucgr-h STHeiti-Light-UniGB-UCS2-H
otf-ucgr-v STHeiti-Light-UniGB-UCS2-V
otf-ucmb-h STSong-Regular-UniGB-UCS2-H
otf-ucmb-v STSong-Regular-UniGB-UCS2-V
otf-ucmgr-h STKaiti-Regular-UniGB-UCS2-H
otf-ucmgr-v STKaiti-Regular-UniGB-UCS2-V
otf-ucml-h STSong-Light-UniGB-UCS2-H
otf-ucml-v STSong-Light-UniGB-UCS2-V
otf-ucmr-h STSong-Light-UniGB-UCS2-H
otf-ucmr-v STSong-Light-UniGB-UCS2-V
% otf-tc-noEmbed.map
otf-ctgb-h MHei-Medium-Identity-H
otf-ctgb-v MHei-Medium-Identity-V
otf-ctge-h MHei-Medium-Identity-H
otf-ctge-v MHei-Medium-Identity-V
otf-ctgr-h MHei-Medium-Identity-H
otf-ctgr-v MHei-Medium-Identity-V
otf-ctmb-h MSung-Medium-Identity-H
otf-ctmb-v MSung-Medium-Identity-V
otf-ctmgr-h MKai-Medium-Identity-H
otf-ctmgr-v MKai-Medium-Identity-V
otf-ctml-h MSung-Light-Identity-H
otf-ctml-v MSung-Light-Identity-V
otf-ctmr-h MSung-Light-Identity-H
otf-ctmr-v MSung-Light-Identity-V
otf-utgb-h MHei-Medium-UniCNS-UCS2-H
otf-utgb-v MHei-Medium-UniCNS-UCS2-V
otf-utge-h MHei-Medium-UniCNS-UCS2-H
otf-utge-v MHei-Medium-UniCNS-UCS2-V
otf-utgr-h MHei-Medium-UniCNS-UCS2-H
otf-utgr-v MHei-Medium-UniCNS-UCS2-V
otf-utmb-h MSung-Medium-UniCNS-UCS2-H
otf-utmb-v MSung-Medium-UniCNS-UCS2-V
otf-utmgr-h MKai-Medium-UniCNS-UCS2-H
otf-utmgr-v MKai-Medium-UniCNS-UCS2-V
otf-utml-h MSung-Light-UniCNS-UCS2-H
otf-utml-v MSung-Light-UniCNS-UCS2-V
otf-utmr-h MSung-Light-UniCNS-UCS2-H
otf-utmr-v MSung-Light-UniCNS-UCS2-V
% otf-up-noEmbed.map
uphgothb-h GothicBBB-Medium-UniJIS-UTF16-H
uphgothb-v GothicBBB-Medium-UniJIS-UTF16-V
uphgothbn-h GothicBBB-Medium-UniJIS2004-UTF16-H
uphgothbn-v GothicBBB-Medium-UniJIS2004-UTF16-V
uphgotheb-h GothicBBB-Medium-UniJIS-UTF16-H
uphgotheb-v GothicBBB-Medium-UniJIS-UTF16-V
uphgothebn-h GothicBBB-Medium-UniJIS2004-UTF16-H
uphgothebn-v GothicBBB-Medium-UniJIS2004-UTF16-V
uphgothr-h GothicBBB-Medium-UniJIS-UTF16-H
uphgothr-v GothicBBB-Medium-UniJIS-UTF16-V
uphgothrn-h GothicBBB-Medium-UniJIS2004-UTF16-H
uphgothrn-v GothicBBB-Medium-UniJIS2004-UTF16-V
uphmgothr-h GothicBBB-Medium-UniJIS-UTF16-H
uphmgothr-v GothicBBB-Medium-UniJIS-UTF16-V
uphmgothrn-h GothicBBB-Medium-UniJIS2004-UTF16-H
uphmgothrn-v GothicBBB-Medium-UniJIS2004-UTF16-V
uphminb-h Ryumin-Light-UniJIS-UTF16-H
uphminb-v Ryumin-Light-UniJIS-UTF16-V
uphminbn-h Ryumin-Light-UniJIS2004-UTF16-H
uphminbn-v Ryumin-Light-UniJIS2004-UTF16-V
uphminl-h Ryumin-Light-UniJIS-UTF16-H
uphminl-v Ryumin-Light-UniJIS-UTF16-V
uphminln-h Ryumin-Light-UniJIS2004-UTF16-H
uphminln-v Ryumin-Light-UniJIS2004-UTF16-V
uphminr-h Ryumin-Light-UniJIS-UTF16-H
uphminr-v Ryumin-Light-UniJIS-UTF16-V
uphminrn-h Ryumin-Light-UniJIS2004-UTF16-H
uphminrn-v Ryumin-Light-UniJIS2004-UTF16-V
% ptex-noEmbed.map
gbm GothicBBB-Medium-H
gbmv GothicBBB-Medium-V
rml Ryumin-Light-H
rmlv Ryumin-Light-V
% uptex-ko-noEmbed.map
uphygt-h HYGoThic-Medium-UniKS-UTF16-H
uphygt-v HYGoThic-Medium-UniKS-UTF16-V
uphysmjm-h HYSMyeongJo-Medium-UniKS-UTF16-H
uphysmjm-v HYSMyeongJo-Medium-UniKS-UTF16-V
% uptex-noEmbed.map
ugbm GothicBBB-Medium-UniJIS-UTF16-H
ugbmv GothicBBB-Medium-UniJIS-UTF16-V
upgbm-h GothicBBB-Medium-UniJIS-UTF16-H
upgbm-hq GothicBBB-Medium-UniJIS-UCS2-H
upgbm-v GothicBBB-Medium-UniJIS-UTF16-V
uprml-h Ryumin-Light-UniJIS-UTF16-H
uprml-hq Ryumin-Light-UniJIS-UCS2-H
uprml-v Ryumin-Light-UniJIS-UTF16-V
urml Ryumin-Light-UniJIS-UTF16-H
urmlv Ryumin-Light-UniJIS-UTF16-V
% uptex-sc-noEmbed.map
upstht-h STHeiti-Regular-UniGB-UTF16-H
upstht-v STHeiti-Regular-UniGB-UTF16-V
upstsl-h STSong-Light-UniGB-UTF16-H
upstsl-v STSong-Light-UniGB-UTF16-V
% uptex-tc-noEmbed.map
upmhm-h MHei-Medium-UniCNS-UTF16-H
upmhm-v MHei-Medium-UniCNS-UTF16-V
upmsl-h MSung-Light-UniCNS-UTF16-H
upmsl-v MSung-Light-UniCNS-UTF16-V
