% otf-ko-noEmbed.map
otf-ckgb-h Identity-H !HYGoThic-Medium
otf-ckgb-v Identity-V !HYGoThic-Medium
otf-ckge-h Identity-H !HYGoThic-Medium
otf-ckge-v Identity-V !HYGoThic-Medium
otf-ckgr-h Identity-H !HYGoThic-Medium
otf-ckgr-v Identity-V !HYGoThic-Medium
otf-ckmb-h Identity-H !HYSMyeongJo-Medium
otf-ckmb-v Identity-V !HYSMyeongJo-Medium
otf-ckmgr-h Identity-H !HYRGoThic-Medium
otf-ckmgr-v Identity-V !HYRGoThic-Medium
otf-ckml-h Identity-H !HYSMyeongJo-Medium
otf-ckml-v Identity-V !HYSMyeongJo-Medium
otf-ckmr-h Identity-H !HYSMyeongJo-Medium
otf-ckmr-v Identity-V !HYSMyeongJo-Medium
otf-ukgb-h UniKS-UCS2-H !HYGoThic-Medium
otf-ukgb-v UniKS-UCS2-V !HYGoThic-Medium
otf-ukge-h UniKS-UCS2-H !HYGoThic-Medium
otf-ukge-v UniKS-UCS2-V !HYGoThic-Medium
otf-ukgr-h UniKS-UCS2-H !HYGoThic-Medium
otf-ukgr-v UniKS-UCS2-V !HYGoThic-Medium
otf-ukmb-h UniKS-UCS2-H !HYSMyeongJo-Medium
otf-ukmb-v UniKS-UCS2-V !HYSMyeongJo-Medium
otf-ukmgr-h UniKS-UCS2-H !HYRGoThic-Medium
otf-ukmgr-v UniKS-UCS2-V !HYRGoThic-Medium
otf-ukml-h UniKS-UCS2-H !HYSMyeongJo-Medium
otf-ukml-v UniKS-UCS2-V !HYSMyeongJo-Medium
otf-ukmr-h UniKS-UCS2-H !HYSMyeongJo-Medium
otf-ukmr-v UniKS-UCS2-V !HYSMyeongJo-Medium
% otf-noEmbed.map
hgothb-h H !GothicBBB-Medium,Bold
hgothb-v V !GothicBBB-Medium,Bold
hgothbn-h H !GothicBBB-Medium,Bold
hgothbn-v V !GothicBBB-Medium,Bold
hgotheb-h H !GothicBBB-Medium,Bold
hgotheb-v V !GothicBBB-Medium,Bold
hgothebn-h H !GothicBBB-Medium,Bold
hgothebn-v V !GothicBBB-Medium,Bold
hgothr-h H !GothicBBB-Medium
hgothr-v V !GothicBBB-Medium
hgothrn-h H !GothicBBB-Medium
hgothrn-v V !GothicBBB-Medium
hmgothr-h H !GothicBBB-Medium
hmgothr-v V !GothicBBB-Medium
hmgothrn-h H !GothicBBB-Medium
hmgothrn-v V !GothicBBB-Medium
hminb-h H !Ryumin-Light,Bold
hminb-v V !Ryumin-Light,Bold
hminbn-h H !Ryumin-Light,Bold
hminbn-v V !Ryumin-Light,Bold
hminl-h H !Ryumin-Light
hminl-v V !Ryumin-Light
hminln-h H !Ryumin-Light
hminln-v V !Ryumin-Light
hminr-h H !Ryumin-Light
hminr-v V !Ryumin-Light
hminrn-h H !Ryumin-Light
hminrn-v V !Ryumin-Light
otf-cjgb-h Identity-H !GothicBBB-Medium,Bold
otf-cjgb-v Identity-V !GothicBBB-Medium,Bold
otf-cjge-h Identity-H !GothicBBB-Medium,Bold
otf-cjge-v Identity-V !GothicBBB-Medium,Bold
otf-cjgr-h Identity-H !GothicBBB-Medium
otf-cjgr-v Identity-V !GothicBBB-Medium
otf-cjmb-h Identity-H !Ryumin-Light,Bold
otf-cjmb-v Identity-V !Ryumin-Light,Bold
otf-cjmgr-h Identity-H !GothicBBB-Medium
otf-cjmgr-v Identity-V !GothicBBB-Medium
otf-cjml-h Identity-H !Ryumin-Light
otf-cjml-v Identity-V !Ryumin-Light
otf-cjmr-h Identity-H !Ryumin-Light
otf-cjmr-v Identity-V !Ryumin-Light
otf-ujgb-h UniJIS-UTF16-H !GothicBBB-Medium,Bold
otf-ujgb-v UniJIS-UTF16-V !GothicBBB-Medium,Bold
otf-ujgbn-h UniJIS2004-UTF16-H !GothicBBB-Medium,Bold
otf-ujgbn-v UniJIS2004-UTF16-V !GothicBBB-Medium,Bold
otf-ujge-h UniJIS-UTF16-H !GothicBBB-Medium,Bold
otf-ujge-v UniJIS-UTF16-V !GothicBBB-Medium,Bold
otf-ujgen-h UniJIS2004-UTF16-H !GothicBBB-Medium,Bold
otf-ujgen-v UniJIS2004-UTF16-V !GothicBBB-Medium,Bold
otf-ujgr-h UniJIS-UTF16-H !GothicBBB-Medium
otf-ujgr-v UniJIS-UTF16-V !GothicBBB-Medium
otf-ujgrn-h UniJIS2004-UTF16-H !GothicBBB-Medium
otf-ujgrn-v UniJIS2004-UTF16-V !GothicBBB-Medium
otf-ujmb-h UniJIS-UTF16-H !Ryumin-Light,Bold
otf-ujmb-v UniJIS-UTF16-V !Ryumin-Light,Bold
otf-ujmbn-h UniJIS2004-UTF16-H !Ryumin-Light,Bold
otf-ujmbn-v UniJIS2004-UTF16-V !Ryumin-Light,Bold
otf-ujmgr-h UniJIS-UTF16-H !GothicBBB-Medium
otf-ujmgr-v UniJIS-UTF16-V !GothicBBB-Medium
otf-ujmgrn-h UniJIS2004-UTF16-H !GothicBBB-Medium
otf-ujmgrn-v UniJIS2004-UTF16-V !GothicBBB-Medium
otf-ujml-h UniJIS-UTF16-H !Ryumin-Light
otf-ujml-v UniJIS-UTF16-V !Ryumin-Light
otf-ujmln-h UniJIS2004-UTF16-H !Ryumin-Light
otf-ujmln-v UniJIS2004-UTF16-V !Ryumin-Light
otf-ujmr-h UniJIS-UTF16-H !Ryumin-Light
otf-ujmr-v UniJIS-UTF16-V !Ryumin-Light
otf-ujmrn-h UniJIS2004-UTF16-H !Ryumin-Light
otf-ujmrn-v UniJIS2004-UTF16-V !Ryumin-Light
% otf-sc-noEmbed.map
otf-ccgb-h Identity-H !STHeiti-Regular
otf-ccgb-v Identity-V !STHeiti-Regular
otf-ccge-h Identity-H !STHeiti-Regular
otf-ccge-v Identity-V !STHeiti-Regular
otf-ccgr-h Identity-H !STHeiti-Light
otf-ccgr-v Identity-V !STHeiti-Light
otf-ccmb-h Identity-H !STSong-Regular
otf-ccmb-v Identity-V !STSong-Regular
otf-ccmgr-h Identity-H !STKaiti-Regular
otf-ccmgr-v Identity-V !STKaiti-Regular
otf-ccml-h Identity-H !STSong-Light
otf-ccml-v Identity-V !STSong-Light
otf-ccmr-h Identity-H !STSong-Light
otf-ccmr-v Identity-V !STSong-Light
otf-ucgb-h UniGB-UCS2-H !STHeiti-Regular
otf-ucgb-v UniGB-UCS2-V !STHeiti-Regular
otf-ucge-h UniGB-UCS2-H !STHeiti-Regular
otf-ucge-v UniGB-UCS2-V !STHeiti-Regular
otf-ucgr-h UniGB-UCS2-H !STHeiti-Light
otf-ucgr-v UniGB-UCS2-V !STHeiti-Light
otf-ucmb-h UniGB-UCS2-H !STSong-Regular
otf-ucmb-v UniGB-UCS2-V !STSong-Regular
otf-ucmgr-h UniGB-UCS2-H !STKaiti-Regular
otf-ucmgr-v UniGB-UCS2-V !STKaiti-Regular
otf-ucml-h UniGB-UCS2-H !STSong-Light
otf-ucml-v UniGB-UCS2-V !STSong-Light
otf-ucmr-h UniGB-UCS2-H !STSong-Light
otf-ucmr-v UniGB-UCS2-V !STSong-Light
% otf-tc-noEmbed.map
otf-ctgb-h Identity-H !MHei-Medium
otf-ctgb-v Identity-V !MHei-Medium
otf-ctge-h Identity-H !MHei-Medium
otf-ctge-v Identity-V !MHei-Medium
otf-ctgr-h Identity-H !MHei-Medium
otf-ctgr-v Identity-V !MHei-Medium
otf-ctmb-h Identity-H !MSung-Medium
otf-ctmb-v Identity-V !MSung-Medium
otf-ctmgr-h Identity-H !MKai-Medium
otf-ctmgr-v Identity-V !MKai-Medium
otf-ctml-h Identity-H !MSung-Light
otf-ctml-v Identity-V !MSung-Light
otf-ctmr-h Identity-H !MSung-Light
otf-ctmr-v Identity-V !MSung-Light
otf-utgb-h UniCNS-UCS2-H !MHei-Medium
otf-utgb-v UniCNS-UCS2-V !MHei-Medium
otf-utge-h UniCNS-UCS2-H !MHei-Medium
otf-utge-v UniCNS-UCS2-V !MHei-Medium
otf-utgr-h UniCNS-UCS2-H !MHei-Medium
otf-utgr-v UniCNS-UCS2-V !MHei-Medium
otf-utmb-h UniCNS-UCS2-H !MSung-Medium
otf-utmb-v UniCNS-UCS2-V !MSung-Medium
otf-utmgr-h UniCNS-UCS2-H !MKai-Medium
otf-utmgr-v UniCNS-UCS2-V !MKai-Medium
otf-utml-h UniCNS-UCS2-H !MSung-Light
otf-utml-v UniCNS-UCS2-V !MSung-Light
otf-utmr-h UniCNS-UCS2-H !MSung-Light
otf-utmr-v UniCNS-UCS2-V !MSung-Light
% otf-up-noEmbed.map
uphgothb-h UniJIS-UTF16-H !GothicBBB-Medium,Bold
uphgothb-v UniJIS-UTF16-V !GothicBBB-Medium,Bold
uphgothbn-h UniJIS2004-UTF16-H !GothicBBB-Medium,Bold
uphgothbn-v UniJIS2004-UTF16-V !GothicBBB-Medium,Bold
uphgotheb-h UniJIS-UTF16-H !GothicBBB-Medium,Bold
uphgotheb-v UniJIS-UTF16-V !GothicBBB-Medium,Bold
uphgothebn-h UniJIS2004-UTF16-H !GothicBBB-Medium,Bold
uphgothebn-v UniJIS2004-UTF16-V !GothicBBB-Medium,Bold
uphgothr-h UniJIS-UTF16-H !GothicBBB-Medium
uphgothr-v UniJIS-UTF16-V !GothicBBB-Medium
uphgothrn-h UniJIS2004-UTF16-H !GothicBBB-Medium
uphgothrn-v UniJIS2004-UTF16-V !GothicBBB-Medium
uphmgothr-h UniJIS-UTF16-H !GothicBBB-Medium
uphmgothr-v UniJIS-UTF16-V !GothicBBB-Medium
uphmgothrn-h UniJIS2004-UTF16-H !GothicBBB-Medium
uphmgothrn-v UniJIS2004-UTF16-V !GothicBBB-Medium
uphminb-h UniJIS-UTF16-H !Ryumin-Light,Bold
uphminb-v UniJIS-UTF16-V !Ryumin-Light,Bold
uphminbn-h UniJIS2004-UTF16-H !Ryumin-Light,Bold
uphminbn-v UniJIS2004-UTF16-V !Ryumin-Light,Bold
uphminl-h UniJIS-UTF16-H !Ryumin-Light
uphminl-v UniJIS-UTF16-V !Ryumin-Light
uphminln-h UniJIS2004-UTF16-H !Ryumin-Light
uphminln-v UniJIS2004-UTF16-V !Ryumin-Light
uphminr-h UniJIS-UTF16-H !Ryumin-Light
uphminr-v UniJIS-UTF16-V !Ryumin-Light
uphminrn-h UniJIS2004-UTF16-H !Ryumin-Light
uphminrn-v UniJIS2004-UTF16-V !Ryumin-Light
% ptex-noEmbed.map
gbm H !GothicBBB-Medium
gbmv V !GothicBBB-Medium
rml H !Ryumin-Light
rmlv V !Ryumin-Light
% uptex-ko-noEmbed.map
uphygt-h UniKS-UTF16-H !HYGoThic-Medium
uphygt-v UniKS-UTF16-V !HYGoThic-Medium
uphysmjm-h UniKS-UTF16-H !HYSMyeongJo-Medium
uphysmjm-v UniKS-UTF16-V !HYSMyeongJo-Medium
% uptex-noEmbed.map
ugbm UniJIS-UTF16-H !GothicBBB-Medium
ugbmv UniJIS-UTF16-V !GothicBBB-Medium
upgbm-h UniJIS-UTF16-H !GothicBBB-Medium
upgbm-hq UniJIS-UCS2-H !GothicBBB-Medium
upgbm-v UniJIS-UTF16-V !GothicBBB-Medium
uprml-h UniJIS-UTF16-H !Ryumin-Light
uprml-hq UniJIS-UCS2-H !Ryumin-Light
uprml-v UniJIS-UTF16-V !Ryumin-Light
urml UniJIS-UTF16-H !Ryumin-Light
urmlv UniJIS-UTF16-V !Ryumin-Light
% uptex-sc-noEmbed.map
upstht-h UniGB-UTF16-H !STHeiti-Regular
upstht-v UniGB-UTF16-V !STHeiti-Regular
upstsl-h UniGB-UTF16-H !STSong-Light
upstsl-v UniGB-UTF16-V !STSong-Light
% uptex-tc-noEmbed.map
upmhm-h UniCNS-UTF16-H !MHei-Medium
upmhm-v UniCNS-UTF16-V !MHei-Medium
upmsl-h UniCNS-UTF16-H !MSung-Light
upmsl-v UniCNS-UTF16-V !MSung-Light
